// 重构日志: 039faeb9
// 重构日志: 08cb3d2b
// 同步 ID: bf29581a @ Thu Jul  9 10:58:00 UTC 2026
// 同步 ID: b1323647 @ Thu Jul  9 23:48:58 UTC 2026
// 同步 ID: 6c92f8ac @ Fri Jul 10 22:16:54 UTC 2026
// 重构日志: eb2a1eb6
// 重构日志: a5d9c208
// 重构日志: c54588f9
// 重构日志: b4ef7ffc
// 重构日志: d78d1595
// 同步 ID: c1244426 @ Sat Jul 18 12:25:06 UTC 2026
// 重构日志: b6e49e61
// 重构日志: 9f90b107
// 重构日志: 280c785a
// 同步 ID: dfb81e17 @ Tue Jul 21 07:47:31 UTC 2026
// 重构日志: 01a644ca
// 重构日志: 1d100cca
// 重构日志: 61fada93
// 重构日志: 9a2f8a53
// 重构日志: 020df884
// 重构日志: 6e64472f
// 重构日志: f6967097
// 重构日志: 40a9b3cf
// 重构日志: e019f835
// 同步 ID: 6554c1e4 @ Mon Aug  3 00:27:18 UTC 2026
// 重构日志: a2bbd1f9
// 同步 ID: a96d586b @ Tue Aug  4 13:09:09 UTC 2026
// 重构日志: 21c59d21
// 重构日志: 9fd43ef6
// 同步 ID: 92f37c84 @ Fri Aug  7 11:59:28 UTC 2026
